
> henrys-digital-canvas-theme@0.1.0 smoke:full
> ./scripts/full_smoke.sh

Route smoke against https://wp.hperkins.com
PASS	/                                             status=200 marker=hdc-home-page
PASS	/work/                                        status=200 marker=hdc-work-showcase
PASS	/work/henry-s-digital-canvas/                 status=200 marker=hdc-work-detail
PASS	/resume/                                      status=200 marker=hdc-resume-overview
PASS	/resume/ats/                                  status=200 marker=hdc-resume-ats
PASS	/hobbies/                                     status=200 marker=hdc-hobbies-moments
PASS	/blog/                                        status=200 marker=hdc-blog-index
PASS	/blog/hello-world/                            status=200 marker=hdc-blog-post
PASS	/about/                                       status=200 marker=hdc-about-timeline
PASS	/contact/                                     status=200 marker=hdc-contact-form
PASS	/route-should-not-exist/                      status=404 marker=hdc-not-found

Route smoke passed.
API smoke against https://wp.hperkins.com
PASS	/wp-json/henrys-digital-canvas/v1/resume                               status=200
PASS	/wp-json/henrys-digital-canvas/v1/resume-ats                           status=200
PASS	/wp-json/henrys-digital-canvas/v1/moments                              status=200
PASS	/wp-json/henrys-digital-canvas/v1/blog?limit=3                         status=200
PASS	/wp-json/henrys-digital-canvas/v1/blog/hello-world                     status=200
PASS	/wp-json/henrys-digital-canvas/v1/work?limit=3                         status=200
PASS	/wp-json/henrys-digital-canvas/v1/work/henry-s-digital-canvas          status=200
PASS	/api/github/repo-proofs?username=henryperkins&repo=wp-hperkins-com     status=200 accepted=200,403,503
PASS	/api/github/ci-status?username=henryperkins&repo=wp-hperkins-com       status=200 accepted=200,403,503
PASS	/api/github/language-summary?username=henryperkins&repo=wp-hperkins-com status=200 accepted=200,403,503
PASS	/api/github/contributor-stats?username=henryperkins&repo=wp-hperkins-com status=200 accepted=200,403,503
PASS	/wp-json/henrys-digital-canvas/v1/blog?limit=3                         fields=featuredImageUrl,featuredImageAlt,featuredImageSrcSet
PASS	/wp-json/henrys-digital-canvas/v1/blog/hello-world                     fields=featuredImageUrl,featuredImageAlt,featuredImageSrcSet,relatedPosts
PASS	/api/github/language-summary?username=henryperkins&repo=wp-hperkins-com fields=analyzedRepoCount,languageByteTotals,byteDataIncomplete
PASS	/api/github/contributor-stats?username=henryperkins&repo=wp-hperkins-com fields=stats[].repo,stats[].status

API smoke passed.
Browser smoke against https://wp.hperkins.com

Running 10 tests using 1 worker

[1A[2K[1/10] scripts/playwright/browser-smoke.spec.cjs:94:2 › Henrys Digital Canvas browser smoke › route matrix renders expected blocks
[1A[2K[2/10] scripts/playwright/browser-smoke.spec.cjs:116:2 › Henrys Digital Canvas browser smoke › work signals panel renders stat cards and loads contributor metrics route
[1A[2K[3/10] scripts/playwright/browser-smoke.spec.cjs:146:2 › Henrys Digital Canvas browser smoke › hobbies filters update querystring
[1A[2K[4/10] scripts/playwright/browser-smoke.spec.cjs:163:2 › Henrys Digital Canvas browser smoke › contact validation and success states
[1A[2K[5/10] scripts/playwright/browser-smoke.spec.cjs:186:2 › Henrys Digital Canvas browser smoke › blog progress and scroll-to-top behavior
[1A[2K[6/10] scripts/playwright/browser-smoke.spec.cjs:207:2 › Henrys Digital Canvas browser smoke › blog detail missing-post route renders the enhanced state card
[1A[2K[7/10] scripts/playwright/browser-smoke.spec.cjs:215:2 › Henrys Digital Canvas browser smoke › blog detail enhances HTML code blocks with a toolbar and copy affordance
[1A[2K  1) scripts/playwright/browser-smoke.spec.cjs:215:2 › Henrys Digital Canvas browser smoke › blog detail enhances HTML code blocks with a toolbar and copy affordance 

    Error: [2mexpect([22m[31mreceived[39m[2m).[22mtoBeGreaterThan[2m([22m[32mexpected[39m[2m)[22m

    Expected: > [32m0[39m
    Received:   [31m0[39m

    Call Log:
    - Timeout 10000ms exceeded while waiting on the predicate

      216 | 		await page.goto(`/blog/${ blogFixtures.codeSlug }/`, { waitUntil: 'networkidle' });
      217 |
    > 218 | 		await expect
          | 		^
      219 | 			.poll(async () => page.locator('.hdc-blog-post__code-toolbar').count(), { timeout: 10000 })
      220 | 			.toBeGreaterThan(0);
      221 | 		await expect(page.locator('.hdc-blog-post__code-copy').first()).toHaveCount(1);
        at /home/dev/wp-hperkins-com/wp-content/themes/henrys-digital-canvas/scripts/playwright/browser-smoke.spec.cjs:218:3

    Error Context: test-results/browser-smoke-Henrys-Digit-d868f-toolbar-and-copy-affordance/error-context.md


[1A[2K[8/10] scripts/playwright/browser-smoke.spec.cjs:225:2 › Henrys Digital Canvas browser smoke › blog detail renders comments, share, related posts, and canonical route metadata
[1A[2K[9/10] scripts/playwright/browser-smoke.spec.cjs:245:2 › Henrys Digital Canvas browser smoke › blog and home media surfaces follow blog media contract
[1A[2K[10/10] scripts/playwright/browser-smoke.spec.cjs:305:2 › Henrys Digital Canvas browser smoke › not-found recovery, command palette, and mobile menu
[1A[2K  2) scripts/playwright/browser-smoke.spec.cjs:305:2 › Henrys Digital Canvas browser smoke › not-found recovery, command palette, and mobile menu 

    Error: [2mexpect([22m[31mlocator[39m[2m).[22mtoContainText[2m([22m[32mexpected[39m[2m)[22m failed

    Locator: locator('.hdc-site-shell__command-item.is-highlighted').first()
    Expected substring: [32m"About"[39m
    Received string:    [31m"Hello world!1 min read"[39m
    Timeout: 5000ms

    Call log:
    [2m  - Expect "toContainText" with timeout 5000ms[22m
    [2m  - waiting for locator('.hdc-site-shell__command-item.is-highlighted').first()[22m
    [2m    9 × locator resolved to <a href="/blog/hello-world/" class="hdc-site-shell__command-item focus-ring is-highlighted">…</a>[22m
    [2m      - unexpected value "Hello world!1 min read"[22m


      325 | 		await commandInput.fill('about');
      326 | 		await page.keyboard.press('ArrowDown');
    > 327 | 		await expect(page.locator('.hdc-site-shell__command-item.is-highlighted').first()).toContainText('About');
          | 		                                                                                   ^
      328 | 		await page.keyboard.press('Escape');
      329 | 		await expect(commandDialog).toBeHidden({ timeout: 5000 });
      330 |
        at /home/dev/wp-hperkins-com/wp-content/themes/henrys-digital-canvas/scripts/playwright/browser-smoke.spec.cjs:327:86

    Error Context: test-results/browser-smoke-Henrys-Digit-388a2-and-palette-and-mobile-menu/error-context.md


[1A[2K  2 failed
    scripts/playwright/browser-smoke.spec.cjs:215:2 › Henrys Digital Canvas browser smoke › blog detail enhances HTML code blocks with a toolbar and copy affordance 
    scripts/playwright/browser-smoke.spec.cjs:305:2 › Henrys Digital Canvas browser smoke › not-found recovery, command palette, and mobile menu 
  8 passed (43.0s)
